| Test.java:25:5:25:19 | getMessage(...) | $@ can be exposed to an external user. | Test.java:25:5:25:19 | getMessage(...) | Error information |
